[DATA_POINT]
1="HTTP_404"
2="tcp_connect"
3="tcp_connection_count"
4="mic_recv"
5="HTTP_200"
6="tcp_shutdown"
7="RETRY_KEEP_ALIVE"
[END_TRANSACTION]
1="vuser_init_Transaction"
2="http://localhost:1080/WebTours/"
3="http://localhost:1080/favicon.ico"
4="http://localhost:1080/WebTours/header.html"
5="http://localhost:1080/WebTours/images/hp_logo.png"
6="http://localhost:1080/WebTours/images/webtours.png"
7="http://localhost:1080/cgi-bin/welcome.pl?signOff=true"
8="http://localhost:1080/WebTours/home.html"
9="http://localhost:1080/WebTours/images/mer_login.gif"
10="http://localhost:1080/cgi-bin/nav.pl?in=home"
11="WebTours_common_lib_41"
12="open_homepage"
13="http://localhost:1080/cgi-bin/login.pl"
14="http://localhost:1080/cgi-bin/nav.pl?page=menu&in=home"
15="http://localhost:1080/WebTours/images/itinerary.gif"
16="http://localhost:1080/WebTours/images/in_home.gif"
17="http://localhost:1080/WebTours/images/signoff.gif"
18="http://localhost:1080/cgi-bin/login.pl?intro=true"
19="http://localhost:1080/WebTours/images/flights.gif"
20="login.pl_common_lib_7"
21="login"
22="http://localhost:1080/cgi-bin/welcome.pl?page=search"
23="http://localhost:1080/WebTours/images/home.gif"
24="http://localhost:1080/cgi-bin/nav.pl?page=menu&in=flights"
25="http://localhost:1080/WebTours/images/in_flights.gif"
26="http://localhost:1080/cgi-bin/reservations.pl?page=welcome"
27="http://localhost:1080/WebTours/images/button_next.gif"
28="Search_Flights_Button_common_lib_62"
29="click_Flights"
30="WebTours_Action_11"
31="http://localhost:1080/WebTours/profileValidate.js"
32="http://localhost:1080/cgi-bin/login.pl?username=&password=&getInfo=true"
33="sign_up_now_Action_31"
34="click_SignUpNow"
35="http://localhost:1080/cgi-bin/reservations.pl"
36="reservations.pl_common_lib_95"
37="Find_Flight"
38="reservations.pl_2_common_lib_131"
39="Choose_Flight"
40="http://localhost:1080/cgi-bin/welcome.pl?signOff=1"
41="SignOff_Button_common_lib_174"
42="Logout"
43="UC_4_SearchFlight"
44="Action_Transaction"
45="login.pl_Action_50"
46="complete_profile"
47="http://localhost:1080/cgi-bin/welcome.pl?page=menus"
48="button_next.gif_Action_77"
49="click_Continue"
50="SignOff_Button_Action_94"
51="UC_3_regNewUser"
52="http://localhost:1080/cgi-bin/welcome.pl?page=itinerary"
53="http://localhost:1080/cgi-bin/itinerary.pl"
54="http://localhost:1080/WebTours/images/in_itinerary.gif"
55="http://localhost:1080/cgi-bin/nav.pl?page=menu&in=itinerary"
56="Itinerary_Button_common_lib_156"
57="click_Itinerary"
58="UC_6_Itinerary"
59="http://localhost:1080/WebTours/images/bookanother.gif"
60="reservations.pl_3_Action_30"
61="Payment_Details"
62="http://localhost:1080/WebTours/images/cancelreservation.gif"
63="http://localhost:1080/WebTours/images/cancelallreservations.gif"
64="UC_1_Booking"
65="UC_5_Login"
66="UC_2_Delete_booking"
67="itinerary.pl_Action_55"
68="cancel_booking"
69="vuser_end_Transaction"
